/*C1*/SET SCHEMA SYSTEM_LOBS
INSERT INTO BLOCKS VALUES(0,2147483647,0)
COMMIT
/*C2*/SET SCHEMA PUBLIC
DISCONNECT
/*C3*/SET SCHEMA PUBLIC
create table BitacoraReservacion (idBitacora bigint generated by default as identity (start with 1), accion varchar(255), comentario varchar(255), fechaCambio timestamp, usuarioResponsable varchar(255), idReservacion bigint, primary key (idBitacora))
create table Cliente (idCliente bigint generated by default as identity (start with 1), apellido varchar(50) not null, correo varchar(255) not null, direccion varchar(255), nombre varchar(50) not null, telefono varchar(20), tipoCliente varchar(20), primary key (idCliente))
create table GuiaTuristico (idGuia bigint generated by default as identity (start with 1), correo varchar(255), disponible boolean, especialidad varchar(255), nombre varchar(255) not null, telefono varchar(255), primary key (idGuia))
create table IMAGES (ID varchar(32) not null, GALLERY varchar(32), image varbinary(16777216), primary key (ID))
create table Itinerario (idItinerario bigint generated by default as identity (start with 1), descripcion varchar(255), fechaActividad date, horaFin varchar(255), horaInicio varchar(255), lugar varchar(255), idGuia bigint, idPaquete bigint, primary key (idItinerario))
create table OXDISCUSSIONCOMMENTS (id varchar(32) not null, comment clob(16777216), discussionId varchar(32), time timestamp, userName varchar(30), primary key (id))
create table PaqueteTuristico (idPaquete bigint generated by default as identity (start with 1), cupoTotal integer, descripcion varchar(255), destino varchar(255), estado varchar(255), fechaFin timestamp, fechaInicio timestamp, nombre varchar(255) not null, precio double, primary key (idPaquete))
create table PaqueteTuristico_GuiaTuristico (PaqueteTuristico_idPaquete bigint not null, guias_idGuia bigint not null)
create table PaqueteTuristico_Proveedor (PaqueteTuristico_idPaquete bigint not null, proveedores_idProveedor bigint not null)
create table Proveedor (idProveedor bigint generated by default as identity (start with 1), contacto varchar(255), correo varchar(255), nombre varchar(255) not null, telefono varchar(255), tipoServicio varchar(255) not null, primary key (idProveedor))
create table Reservacion (idReservacion bigint generated by default as identity (start with 1), cantidadPersonas integer, estado varchar(255), fechaReserva timestamp, observaciones varchar(255), total double, idCliente bigint, idPaquete bigint, primary key (idReservacion))
alter table Cliente add constraint UK_dgau9dfddwsd9jwi5i3kygt2x unique (correo)
create index IDXbhlx4vunn24ym1tbrlgq8g30m on OXDISCUSSIONCOMMENTS (discussionId)
alter table BitacoraReservacion add constraint FK1rv15nbdy3u5hb5qo0ud92kkb foreign key (idReservacion) references Reservacion
alter table Itinerario add constraint FK1bx5b1qjkbu6x0l5e65am0j1p foreign key (idGuia) references GuiaTuristico
alter table Itinerario add constraint FKc5iuedon64geevqatr1cy5l5y foreign key (idPaquete) references PaqueteTuristico
alter table PaqueteTuristico_GuiaTuristico add constraint FKd0r1vijb5lu24mdcy7y738x4s foreign key (guias_idGuia) references GuiaTuristico
alter table PaqueteTuristico_GuiaTuristico add constraint FKs47n3gkw1qxsylnxp18vusooq foreign key (PaqueteTuristico_idPaquete) references PaqueteTuristico
alter table PaqueteTuristico_Proveedor add constraint FKoqqlpokkcwpfrry7b4j9tm62k foreign key (proveedores_idProveedor) references Proveedor
alter table PaqueteTuristico_Proveedor add constraint FKdxsynl7610d03m5pxy4llq5al foreign key (PaqueteTuristico_idPaquete) references PaqueteTuristico
alter table Reservacion add constraint FKe9gwbto4kh6a7umne62vqqdg4 foreign key (idCliente) references Cliente
alter table Reservacion add constraint FK4bltm3lcmir83m79fj8a0pucl foreign key (idPaquete) references PaqueteTuristico
